init: 0.8 s, cells=9000, steps=90
auto blockSize = 0
  step 1/90: conv=True iters=9 wall=3.88 s
  step 2/90: conv=True iters=66 wall=20.61 s
  step 3/90: conv=True iters=27 wall=10.42 s
  step 4/90: conv=True iters=25 wall=13.78 s
  step 5/90: conv=True iters=24 wall=7.14 s
  step 6/90: conv=True iters=12 wall=3.32 s
  step 7/90: conv=True iters=9 wall=2.55 s
  step 8/90: conv=True iters=9 wall=3.12 s
  step 9/90: conv=True iters=12 wall=5.39 s
  step 10/90: conv=True iters=22 wall=9.50 s
  step 11/90: conv=True iters=42 wall=15.35 s
  step 12/90: conv=True iters=40 wall=10.51 s
  step 13/90: conv=True iters=26 wall=7.44 s
  step 14/90: conv=True iters=41 wall=10.95 s
  step 15/90: conv=True iters=41 wall=9.64 s
  step 16/90: conv=True iters=25 wall=5.60 s
  step 17/90: conv=True iters=27 wall=6.13 s
  step 18/90: conv=True iters=25 wall=6.05 s
  step 19/90: conv=True iters=24 wall=6.14 s
  step 20/90: conv=True iters=43 wall=11.35 s
  step 21/90: conv=True iters=44 wall=10.81 s
  step 22/90: conv=True iters=42 wall=11.05 s
  step 23/90: conv=True iters=40 wall=10.24 s
  step 24/90: conv=True iters=44 wall=12.13 s
  step 25/90: conv=True iters=44 wall=11.41 s
  step 26/90: conv=True iters=12 wall=2.99 s
  step 27/90: conv=True iters=42 wall=10.65 s
  step 28/90: conv=True iters=41 wall=10.21 s
  step 29/90: conv=True iters=12 wall=2.68 s
  step 30/90: conv=True iters=22 wall=5.29 s
  step 31/90: conv=True iters=9 wall=2.36 s
  step 32/90: conv=True iters=31 wall=7.33 s
  step 33/90: conv=True iters=43 wall=10.55 s
  step 34/90: conv=True iters=42 wall=9.76 s
  step 35/90: conv=True iters=28 wall=6.50 s
  step 36/90: conv=True iters=12 wall=2.67 s
  step 37/90: conv=True iters=46 wall=10.19 s
  step 38/90: conv=True iters=41 wall=9.30 s
  step 39/90: conv=True iters=28 wall=6.70 s
  step 40/90: conv=True iters=11 wall=2.60 s
  step 41/90: conv=True iters=11 wall=2.47 s
  step 42/90: conv=True iters=41 wall=9.35 s
  step 43/90: conv=True iters=10 wall=2.34 s
  step 44/90: conv=True iters=9 wall=2.10 s
  step 45/90: conv=True iters=9 wall=2.10 s
  step 46/90: conv=True iters=23 wall=5.84 s
  step 47/90: conv=True iters=12 wall=2.99 s
  step 48/90: conv=True iters=24 wall=6.39 s
  step 49/90: conv=True iters=23 wall=6.48 s
  step 50/90: conv=True iters=25 wall=6.31 s
  step 51/90: conv=True iters=12 wall=2.97 s
  step 52/90: conv=True iters=12 wall=2.97 s
  step 53/90: conv=True iters=12 wall=4.82 s
  step 54/90: conv=True iters=24 wall=11.05 s
  step 55/90: conv=True iters=12 wall=6.69 s
  step 56/90: conv=True iters=11 wall=5.83 s
  step 57/90: conv=True iters=25 wall=12.52 s
  step 58/90: conv=True iters=37 wall=16.99 s
  step 59/90: conv=True iters=37 wall=19.06 s
  step 60/90: conv=True iters=8 wall=4.30 s
  step 61/90: conv=True iters=8 wall=4.30 s
  step 62/90: conv=True iters=8 wall=2.73 s
  step 63/90: conv=True iters=9 wall=2.88 s
  step 64/90: conv=True iters=11 wall=4.30 s
  step 65/90: conv=True iters=8 wall=3.64 s
  step 66/90: conv=True iters=8 wall=2.87 s
  step 67/90: conv=True iters=8 wall=3.11 s
  step 68/90: conv=True iters=8 wall=5.14 s
  step 69/90: conv=True iters=9 wall=4.42 s
  step 70/90: conv=True iters=9 wall=3.76 s
  step 71/90: conv=True iters=8 wall=4.50 s
  step 72/90: conv=True iters=8 wall=4.14 s
  step 73/90: conv=True iters=8 wall=6.89 s
  step 74/90: conv=True iters=8 wall=5.07 s
  step 75/90: conv=True iters=21 wall=10.43 s
  step 76/90: conv=True iters=21 wall=10.95 s
  step 77/90: conv=True iters=40 wall=19.32 s
  step 78/90: conv=True iters=53 wall=27.91 s
  step 79/90: conv=True iters=41 wall=15.07 s
  step 80/90: conv=True iters=55 wall=22.61 s
  step 81/90: conv=True iters=55 wall=22.30 s
  step 82/90: conv=True iters=55 wall=21.36 s
  step 83/90: conv=True iters=40 wall=14.58 s
  step 84/90: conv=True iters=40 wall=18.90 s
  step 85/90: conv=True iters=52 wall=23.32 s
  step 86/90: conv=True iters=51 wall=23.86 s
  step 87/90: conv=True iters=24 wall=10.12 s
  step 88/90: conv=True iters=51 wall=26.61 s
  step 89/90: conv=True iters=25 wall=9.84 s
  step 90/90: conv=True iters=25 wall=9.18 s
=== done: 90 steps in 802.1 s (8.91 s/step) ===
converged steps: 90/90
linear solve times: n=90 mean=0.000 s max=0.000 s
