cells=44927 dt=691200 wells=3
   Newton pre: residual=5.94523, converged=False
   Newton 1: residual=239.518, converged=False, linear=14.95s, linres=1.219e-09
   Newton 2: residual=1.45058, converged=False, linear=17.28s, linres=1.378e-07
   Newton 3: residual=6.03605, converged=False, linear=17.50s, linres=2.264e-08
   Newton 4: residual=1.81572, converged=False, linear=16.01s, linres=3.385e-08
   Newton 5: residual=1.61064, converged=False, linear=16.94s, linres=1.769e-10
   Newton 6: residual=1.97521, converged=False, linear=17.85s, linres=2.516e-10
   Newton 7: residual=0.88945, converged=False, linear=18.67s, linres=3.507e-08
   Newton 8: residual=4.28614, converged=False, linear=17.55s, linres=8.545e-10
   Newton 9: residual=6.41249, converged=False, linear=17.40s, linres=1.881e-09
   Newton 10: residual=1.24605, converged=False, linear=16.92s, linres=1.438e-08
   Newton 11: residual=1.25033, converged=False, linear=16.61s, linres=2.473e-09
   Newton 12: residual=1.81895, converged=False, linear=18.82s, linres=8.355e-11
   Ministep 1: dt=69120.0001, converged=False, iterations=12
   Cutting timestep from 69120.0001 to 34560.00005
   Newton pre: residual=2.97262, converged=False
   Newton 1: residual=112.979, converged=False, linear=13.79s, linres=1.011e-09
   Newton 2: residual=1.1674, converged=False, linear=14.76s, linres=3.231e-07
   Newton 3: residual=0.894878, converged=False, linear=15.27s, linres=7.168e-08
   Newton 4: residual=0.501254, converged=False, linear=14.56s, linres=9.365e-07
   Newton 5: residual=0.803682, converged=False, linear=15.03s, linres=2.003e-09
   Newton 6: residual=3.06583, converged=False, linear=16.02s, linres=8.917e-10
   Newton 7: residual=0.907828, converged=False, linear=13.69s, linres=5.795e-08
   Newton 8: residual=0.805352, converged=False, linear=14.95s, linres=7.544e-11
   Newton 9: residual=0.553898, converged=False, linear=14.02s, linres=6.225e-10
   Newton 10: residual=0.802828, converged=False, linear=16.26s, linres=5.885e-08
   Newton 11: residual=3.06576, converged=False, linear=15.65s, linres=7.669e-10
   Newton 12: residual=0.596976, converged=False, linear=15.67s, linres=2.698e-08
   Ministep 1: dt=34560.00005, converged=False, iterations=12
   Cutting timestep from 34560.00005 to 17280.000025
   Newton pre: residual=1.48631, converged=False
   Newton 1: residual=51.1367, converged=False, linear=12.20s, linres=1.481e-09
   Newton 2: residual=0.596037, converged=False, linear=14.56s, linres=6.160e-07
   Newton 3: residual=0.985035, converged=False, linear=14.04s, linres=2.230e-07
   Newton 4: residual=1.16148, converged=False, linear=13.19s, linres=8.900e-08
   Newton 5: residual=0.60296, converged=False, linear=15.11s, linres=8.569e-09
